// Jest Snapshot v1, https://goo.gl/fbAQLP

exports[`ScrollableList Index should render properly 1`] = `
<WithStyles(Component)
  panelProps={Object {}}
/>
`;
