// Jest Snapshot v1, https://goo.gl/fbAQLP

exports[`Login WithFacebook should render correctly 1`] = `
<withStyles(Button)
  name="facebook"
  onClick={[Function]}
>
  Sign in with Facebook
</withStyles(Button)>
`;
