// Jest Snapshot v1, https://goo.gl/fbAQLP

exports[`should render correctly 1`] = `
<Layout
  classes={
    Object {
      "root": "Layout-root-1",
    }
  }
>
  <span>
    I am a child
  </span>
  <span>
    I am another child
  </span>
</Layout>
`;
