// Jest Snapshot v1, https://goo.gl/fbAQLP

exports[`ScrollableList Item should render properly 1`] = `<Connect(WithStyles(Component)) />`;
