// Jest Snapshot v1, https://goo.gl/fbAQLP

exports[`should render correctly 1`] = `
<FullHeight>
  <Component />
  <span>
    I am a child
  </span>
  <span>
    I am another child
  </span>
</FullHeight>
`;
