// Jest Snapshot v1, https://goo.gl/fbAQLP

exports[`LogoutButton should render correctly 1`] = `
<LogoutButton>
  <WithStyles(Button)
    onClick={[Function]}
  >
    <Button
      classes={
        Object {
          "colorInherit": "MuiButton-colorInherit-5",
          "disabled": "MuiButton-disabled-10",
          "fab": "MuiButton-fab-11",
          "flatPrimary": "MuiButton-flatPrimary-3",
          "flatSecondary": "MuiButton-flatSecondary-4",
          "fullWidth": "MuiButton-fullWidth-15",
          "keyboardFocused": "MuiButton-keyboardFocused-7",
          "label": "MuiButton-label-2",
          "mini": "MuiButton-mini-12",
          "raised": "MuiButton-raised-6",
          "raisedPrimary": "MuiButton-raisedPrimary-8",
          "raisedSecondary": "MuiButton-raisedSecondary-9",
          "root": "MuiButton-root-1",
          "sizeLarge": "MuiButton-sizeLarge-14",
          "sizeSmall": "MuiButton-sizeSmall-13",
        }
      }
      color="default"
      disableFocusRipple={false}
      disableRipple={false}
      disabled={false}
      fullWidth={false}
      mini={false}
      onClick={[Function]}
      size="medium"
      type="button"
      variant="flat"
    >
      <WithStyles(ButtonBase)
        className="MuiButton-root-1"
        disableRipple={false}
        disabled={false}
        focusRipple={true}
        keyboardFocusedClassName="MuiButton-keyboardFocused-7"
        onClick={[Function]}
        type="button"
      >
        <ButtonBase
          centerRipple={false}
          className="MuiButton-root-1"
          classes={
            Object {
              "disabled": "MuiButtonBase-disabled-17",
              "root": "MuiButtonBase-root-16",
            }
          }
          disableRipple={false}
          disabled={false}
          focusRipple={true}
          keyboardFocusedClassName="MuiButton-keyboardFocused-7"
          onClick={[Function]}
          tabIndex={0}
          type="button"
        >
          <button
            className="MuiButtonBase-root-16 MuiButton-root-1"
            disabled={false}
            onBlur={[Function]}
            onClick={[Function]}
            onFocus={[Function]}
            onKeyDown={[Function]}
            onKeyUp={[Function]}
            onMouseDown={[Function]}
            onMouseLeave={[Function]}
            onMouseUp={[Function]}
            onTouchEnd={[Function]}
            onTouchMove={[Function]}
            onTouchStart={[Function]}
            tabIndex={0}
            type="button"
          >
            <span
              className="MuiButton-label-2"
            />
            <WithStyles(TouchRipple)
              center={false}
              innerRef={[Function]}
            >
              <TouchRipple
                center={false}
                classes={
                  Object {
                    "ripple": "MuiTouchRipple-ripple-22",
                    "rippleFast": "MuiTouchRipple-rippleFast-24",
                    "rippleVisible": "MuiTouchRipple-rippleVisible-23",
                    "root": "MuiTouchRipple-root-18",
                    "wrapper": "MuiTouchRipple-wrapper-19",
                    "wrapperLeaving": "MuiTouchRipple-wrapperLeaving-20",
                    "wrapperPulsating": "MuiTouchRipple-wrapperPulsating-21",
                  }
                }
              >
                <TransitionGroup
                  childFactory={[Function]}
                  className="MuiTouchRipple-root-18"
                  component="span"
                  enter={true}
                  exit={true}
                >
                  <span
                    className="MuiTouchRipple-root-18"
                  />
                </TransitionGroup>
              </TouchRipple>
            </WithStyles(TouchRipple)>
          </button>
        </ButtonBase>
      </WithStyles(ButtonBase)>
    </Button>
  </WithStyles(Button)>
</LogoutButton>
`;
