// Jest Snapshot v1, https://goo.gl/fbAQLP

exports[`logout should render correctly 1`] = `
<defaultProps(withProps(mapProps(Component)))
  firebase={
    Object {
      "logout": [Function],
    }
  }
  onLogout={[Function]}
>
  <withProps(mapProps(Component))
    firebase={
      Object {
        "logout": [Function],
      }
    }
    onLogout={[Function]}
  >
    <mapProps(Component)
      firebase={
        Object {
          "logout": [Function],
        }
      }
      onClick={[Function]}
      onLogout={[Function]}
    >
      <Component
        firebase={
          Object {
            "logout": [Function],
          }
        }
        onClick={[Function]}
      >
        <button>
          Log out
        </button>
      </Component>
    </mapProps(Component)>
  </withProps(mapProps(Component))>
</defaultProps(withProps(mapProps(Component)))>
`;
